// Jest Snapshot v1, https://goo.gl/fbAQLP

exports[`should render ExpensesDashboardPage correctly 1`] = `
<div>
  <p>
    Dashboard Page Content
  </p>
</div>
`;
