// Jest Snapshot v1, https://goo.gl/fbAQLP

exports[`should correctly render LoginPage 1`] = `
<div
  className="box-layout"
>
  <div
    className="box-layout__box"
  >
    <h1
      className="box-layout__title"
    >
      Boilerplate
    </h1>
    <p>
      tagline
    </p>
    <button
      className="button button__blue login"
    >
      Login With Google
    </button>
  </div>
</div>
`;
